2026-09-30T10:07:58+08:00 Run ID: neutrino_20260930_100758+0800_96fef0
2026-09-30T10:07:58+08:00 Time zone: UTC+8 (+0800 in Run ID, +08:00 in console/evidence timestamps)
2026-09-30T10:07:58+08:00 Planned output: /root/vera-cycle/campaigns/neutrino_20260930_100758+0800_96fef0
2026-09-30T10:07:58+08:00 Project config: /root/vera-cycle/neutrino_config.sh
2026-09-30T10:07:58+08:00 Selected targets: L105-21R_n1, L105-21R_n2, L105-21R_n3
2026-09-30T10:07:58+08:00 Mode: power_cycle; channel: outband; loops: 5; hours: unlimited
2026-09-30T10:07:58+08:00 PRE started. Missing standard tools will be installed with apt when available; mst is not installed by this program.
2026-09-30T10:08:18+08:00 L105-21R_n3 | PRE | FAIL
2026-09-30T10:08:18+08:00   Duration: 00:00:20
2026-09-30T10:08:18+08:00   Identity: BMC SSH OK | OS SSH OK
2026-09-30T10:08:18+08:00   FAIL BF4: Expected exactly 1 physical card(s); detected 0
2026-09-30T10:08:18+08:00   WARN PrMo0CPU0EnfEDP0: 2 rows share this sensor name; review each row
2026-09-30T10:08:18+08:00   WARN PrMo0CPU1EnfEDP0: 2 rows share this sensor name; review each row
2026-09-30T10:08:18+08:00   WARN PrMo0MeCn0MeTem0: 4 rows share this sensor name; review each row
2026-09-30T10:08:18+08:00   WARN PrMo0MeCn1MeTem0: 4 rows share this sensor name; review each row
2026-09-30T10:08:18+08:00 L105-21R_n2 | PRE | FAIL
2026-09-30T10:08:18+08:00   Duration: 00:00:20
2026-09-30T10:08:18+08:00   Identity: BMC SSH OK | OS SSH OK
2026-09-30T10:08:18+08:00   FAIL BF4: Expected exactly 1 physical card(s); detected 0
2026-09-30T10:08:18+08:00   WARN PrMo0CPU0EnfEDP0: 2 rows share this sensor name; review each row
2026-09-30T10:08:18+08:00   WARN PrMo0CPU1EnfEDP0: 2 rows share this sensor name; review each row
2026-09-30T10:08:18+08:00   WARN PrMo0MeCn0MeTem0: 4 rows share this sensor name; review each row
2026-09-30T10:08:18+08:00   WARN PrMo0MeCn1MeTem0: 4 rows share this sensor name; review each row
2026-09-30T10:08:27+08:00 L105-21R_n1 | PRE | FAIL
2026-09-30T10:08:27+08:00   Duration: 00:00:29
2026-09-30T10:08:27+08:00   Identity: BMC SSH OK | OS SSH OK
2026-09-30T10:08:27+08:00   FAIL BF4: Expected exactly 1 physical card(s); detected 0
2026-09-30T10:08:27+08:00   FAIL 0004:01:00.0: Non-Volatile memory controller: KIOXIA Corporation NVMe SSD Controller XD8 (rev 01) (prog-if 02 [NVM Express]): LnkSta: Speed 32GT/s, Width x2 (downgraded)
2026-09-30T10:08:27+08:00   WARN PrMo0CPU0EnfEDP0: 2 rows share this sensor name; review each row
2026-09-30T10:08:27+08:00   WARN PrMo0CPU1EnfEDP0: 2 rows share this sensor name; review each row
2026-09-30T10:08:27+08:00   WARN PrMo0MeCn0MeTem0: 4 rows share this sensor name; review each row
2026-09-30T10:08:27+08:00   WARN PrMo0MeCn1MeTem0: 4 rows share this sensor name; review each row
2026-09-30T10:08:35+08:00 Operator decision: START
2026-09-30T10:08:35+08:00 Campaign started. Output: /root/vera-cycle/campaigns/neutrino_20260930_100758+0800_96fef0
2026-09-30T10:08:35+08:00 Stop after the current POST: ./stop_cycle.sh neutrino_20260930_100758+0800_96fef0
2026-09-30T10:08:36+08:00 L105-21R_n2 | log clearing | complete
2026-09-30T10:08:36+08:00 L105-21R_n3 | log clearing | complete
2026-09-30T10:08:36+08:00 L105-21R_n1 | log clearing | complete
2026-09-30T10:08:36+08:00 Loop 1: starting 3 target(s) concurrently
2026-09-30T10:08:38+08:00 Loop 1: L105-21R_n2 | power cycle sent
2026-09-30T10:08:38+08:00 Loop 1: L105-21R_n2 | waiting OS boot
2026-09-30T10:08:38+08:00 Loop 1: L105-21R_n1 | power cycle sent
2026-09-30T10:08:38+08:00 Loop 1: L105-21R_n1 | waiting OS boot
2026-09-30T10:08:38+08:00 Loop 1: L105-21R_n3 | power cycle sent
2026-09-30T10:08:38+08:00 Loop 1: L105-21R_n3 | waiting OS boot
2026-09-30T10:09:06+08:00 Loop 1: still running — L105-21R_n1: waiting OS boot, L105-21R_n2: waiting OS boot, L105-21R_n3: waiting OS boot
2026-09-30T10:09:36+08:00 Loop 1: still running — L105-21R_n1: waiting OS boot, L105-21R_n2: waiting OS boot, L105-21R_n3: waiting OS boot
2026-09-30T10:10:06+08:00 Loop 1: still running — L105-21R_n1: waiting OS boot, L105-21R_n2: waiting OS boot, L105-21R_n3: waiting OS boot
2026-09-30T10:10:36+08:00 Loop 1: still running — L105-21R_n1: waiting OS boot, L105-21R_n2: waiting OS boot, L105-21R_n3: waiting OS boot
2026-09-30T10:11:06+08:00 Loop 1: still running — L105-21R_n1: waiting OS boot, L105-21R_n2: waiting OS boot, L105-21R_n3: waiting OS boot
2026-09-30T10:11:21+08:00 Loop 1: L105-21R_n1 | OS up, system check running
2026-09-30T10:11:22+08:00 Loop 1: L105-21R_n2 | OS up, system check running
2026-09-30T10:11:22+08:00 Loop 1: L105-21R_n3 | OS up, system check running
2026-09-30T10:11:36+08:00 Loop 1: still running — L105-21R_n1: OS up, system check running, L105-21R_n2: OS up, system check running, L105-21R_n3: OS up, system check running
2026-09-30T10:11:42+08:00 Loop 1: L105-21R_n2 | system check done
2026-09-30T10:11:42+08:00 Loop 1: L105-21R_n2 | DONE
2026-09-30T10:11:42+08:00 L105-21R_n2 | LOOP 1 | FAIL
2026-09-30T10:11:42+08:00   Duration: 00:03:05
2026-09-30T10:11:42+08:00   FAIL BF4: Expected exactly 1 physical card(s); detected 0
2026-09-30T10:11:42+08:00   WARN PrMo0CPU0EnfEDP0: 2 rows share this sensor name; review each row
2026-09-30T10:11:42+08:00   WARN PrMo0CPU1EnfEDP0: 2 rows share this sensor name; review each row
2026-09-30T10:11:42+08:00   WARN PrMo0MeCn0MeTem0: 4 rows share this sensor name; review each row
2026-09-30T10:11:42+08:00   WARN PrMo0MeCn1MeTem0: 4 rows share this sensor name; review each row
2026-09-30T10:11:43+08:00 Loop 1: L105-21R_n3 | system check done
2026-09-30T10:11:43+08:00 Loop 1: L105-21R_n3 | DONE
2026-09-30T10:11:43+08:00 L105-21R_n3 | LOOP 1 | FAIL
2026-09-30T10:11:43+08:00   Duration: 00:03:06
2026-09-30T10:11:43+08:00   FAIL BF4: Expected exactly 1 physical card(s); detected 0
2026-09-30T10:11:43+08:00   WARN PrMo0CPU0EnfEDP0: 2 rows share this sensor name; review each row
2026-09-30T10:11:43+08:00   WARN PrMo0CPU1EnfEDP0: 2 rows share this sensor name; review each row
2026-09-30T10:11:43+08:00   WARN PrMo0MeCn0MeTem0: 4 rows share this sensor name; review each row
2026-09-30T10:11:43+08:00   WARN PrMo0MeCn1MeTem0: 4 rows share this sensor name; review each row
2026-09-30T10:11:50+08:00 Loop 1: L105-21R_n1 | system check done
2026-09-30T10:11:50+08:00 Loop 1: L105-21R_n1 | DONE
2026-09-30T10:11:50+08:00 L105-21R_n1 | LOOP 1 | FAIL
2026-09-30T10:11:50+08:00   Duration: 00:03:13
2026-09-30T10:11:50+08:00   FAIL BF4: Expected exactly 1 physical card(s); detected 0
2026-09-30T10:11:50+08:00   FAIL 0004:01:00.0: Non-Volatile memory controller: KIOXIA Corporation NVMe SSD Controller XD8 (rev 01) (prog-if 02 [NVM Express]): LnkSta: Speed 32GT/s, Width x2 (downgraded)
2026-09-30T10:11:50+08:00   WARN PrMo0CPU0EnfEDP0: 2 rows share this sensor name; review each row
2026-09-30T10:11:50+08:00   WARN PrMo0CPU1EnfEDP0: 2 rows share this sensor name; review each row
2026-09-30T10:11:50+08:00   WARN PrMo0MeCn0MeTem0: 4 rows share this sensor name; review each row
2026-09-30T10:11:50+08:00   WARN PrMo0MeCn1MeTem0: 4 rows share this sensor name; review each row
2026-09-30T10:11:50+08:00 Loop 2: starting 3 target(s) concurrently
2026-09-30T10:11:51+08:00 Loop 2: L105-21R_n2 | power cycle sent
2026-09-30T10:11:51+08:00 Loop 2: L105-21R_n2 | waiting OS boot
2026-09-30T10:11:51+08:00 Loop 2: L105-21R_n3 | power cycle sent
2026-09-30T10:11:51+08:00 Loop 2: L105-21R_n3 | waiting OS boot
2026-09-30T10:11:51+08:00 Loop 2: L105-21R_n1 | power cycle sent
2026-09-30T10:11:51+08:00 Loop 2: L105-21R_n1 | waiting OS boot
2026-09-30T10:12:20+08:00 Loop 2: still running — L105-21R_n1: waiting OS boot, L105-21R_n2: waiting OS boot, L105-21R_n3: waiting OS boot
2026-09-30T10:12:50+08:00 Loop 2: still running — L105-21R_n1: waiting OS boot, L105-21R_n2: waiting OS boot, L105-21R_n3: waiting OS boot
2026-09-30T10:13:20+08:00 Loop 2: still running — L105-21R_n1: waiting OS boot, L105-21R_n2: waiting OS boot, L105-21R_n3: waiting OS boot
2026-09-30T10:13:50+08:00 Loop 2: still running — L105-21R_n1: waiting OS boot, L105-21R_n2: waiting OS boot, L105-21R_n3: waiting OS boot
2026-09-30T10:14:20+08:00 Loop 2: still running — L105-21R_n1: waiting OS boot, L105-21R_n2: waiting OS boot, L105-21R_n3: waiting OS boot
2026-09-30T10:14:35+08:00 Loop 2: L105-21R_n2 | OS up, system check running
2026-09-30T10:14:35+08:00 Loop 2: L105-21R_n3 | OS up, system check running
2026-09-30T10:14:44+08:00 Loop 2: L105-21R_n1 | OS up, system check running
2026-09-30T10:14:50+08:00 Loop 2: still running — L105-21R_n1: OS up, system check running, L105-21R_n2: OS up, system check running, L105-21R_n3: OS up, system check running
2026-09-30T10:14:56+08:00 Loop 2: L105-21R_n2 | system check done
2026-09-30T10:14:56+08:00 Loop 2: L105-21R_n2 | DONE
2026-09-30T10:14:56+08:00 L105-21R_n2 | LOOP 2 | FAIL
2026-09-30T10:14:56+08:00   Duration: 00:03:05
2026-09-30T10:14:56+08:00   FAIL BF4: Expected exactly 1 physical card(s); detected 0
2026-09-30T10:14:56+08:00   WARN PrMo0CPU0EnfEDP0: 2 rows share this sensor name; review each row
2026-09-30T10:14:56+08:00   WARN PrMo0CPU1EnfEDP0: 2 rows share this sensor name; review each row
2026-09-30T10:14:56+08:00   WARN PrMo0MeCn0MeTem0: 4 rows share this sensor name; review each row
2026-09-30T10:14:56+08:00   WARN PrMo0MeCn1MeTem0: 4 rows share this sensor name; review each row
2026-09-30T10:14:56+08:00 Loop 2: L105-21R_n3 | system check done
2026-09-30T10:14:56+08:00 Loop 2: L105-21R_n3 | DONE
2026-09-30T10:14:56+08:00 L105-21R_n3 | LOOP 2 | FAIL
2026-09-30T10:14:56+08:00   Duration: 00:03:05
2026-09-30T10:14:56+08:00   FAIL BF4: Expected exactly 1 physical card(s); detected 0
2026-09-30T10:14:56+08:00   WARN PrMo0CPU0EnfEDP0: 2 rows share this sensor name; review each row
2026-09-30T10:14:56+08:00   WARN PrMo0CPU1EnfEDP0: 2 rows share this sensor name; review each row
2026-09-30T10:14:56+08:00   WARN PrMo0MeCn0MeTem0: 4 rows share this sensor name; review each row
2026-09-30T10:14:56+08:00   WARN PrMo0MeCn1MeTem0: 4 rows share this sensor name; review each row
2026-09-30T10:15:13+08:00 Loop 2: L105-21R_n1 | system check done
2026-09-30T10:15:13+08:00 Loop 2: L105-21R_n1 | DONE
2026-09-30T10:15:13+08:00 L105-21R_n1 | LOOP 2 | FAIL
2026-09-30T10:15:13+08:00   Duration: 00:03:22
2026-09-30T10:15:13+08:00   FAIL BF4: Expected exactly 1 physical card(s); detected 0
2026-09-30T10:15:13+08:00   FAIL 0004:01:00.0: Non-Volatile memory controller: KIOXIA Corporation NVMe SSD Controller XD8 (rev 01) (prog-if 02 [NVM Express]): LnkSta: Speed 32GT/s, Width x2 (downgraded)
2026-09-30T10:15:13+08:00   WARN PrMo0CPU0EnfEDP0: 2 rows share this sensor name; review each row
2026-09-30T10:15:13+08:00   WARN PrMo0CPU1EnfEDP0: 2 rows share this sensor name; review each row
2026-09-30T10:15:13+08:00   WARN PrMo0MeCn0MeTem0: 4 rows share this sensor name; review each row
2026-09-30T10:15:13+08:00   WARN PrMo0MeCn1MeTem0: 4 rows share this sensor name; review each row
2026-09-30T10:15:13+08:00 Loop 3: starting 3 target(s) concurrently
2026-09-30T10:15:14+08:00 Loop 3: L105-21R_n1 | power cycle sent
2026-09-30T10:15:14+08:00 Loop 3: L105-21R_n1 | waiting OS boot
2026-09-30T10:15:14+08:00 Loop 3: L105-21R_n3 | power cycle sent
2026-09-30T10:15:14+08:00 Loop 3: L105-21R_n3 | waiting OS boot
2026-09-30T10:15:14+08:00 Loop 3: L105-21R_n2 | power cycle sent
2026-09-30T10:15:14+08:00 Loop 3: L105-21R_n2 | waiting OS boot
2026-09-30T10:15:43+08:00 Loop 3: still running — L105-21R_n1: waiting OS boot, L105-21R_n2: waiting OS boot, L105-21R_n3: waiting OS boot
2026-09-30T10:16:13+08:00 Loop 3: still running — L105-21R_n1: waiting OS boot, L105-21R_n2: waiting OS boot, L105-21R_n3: waiting OS boot
2026-09-30T10:16:43+08:00 Loop 3: still running — L105-21R_n1: waiting OS boot, L105-21R_n2: waiting OS boot, L105-21R_n3: waiting OS boot
2026-09-30T10:17:13+08:00 Loop 3: still running — L105-21R_n1: waiting OS boot, L105-21R_n2: waiting OS boot, L105-21R_n3: waiting OS boot
2026-09-30T10:17:43+08:00 Loop 3: still running — L105-21R_n1: waiting OS boot, L105-21R_n2: waiting OS boot, L105-21R_n3: waiting OS boot
2026-09-30T10:17:57+08:00 Loop 3: L105-21R_n1 | OS up, system check running
2026-09-30T10:17:58+08:00 Loop 3: L105-21R_n2 | OS up, system check running
2026-09-30T10:17:58+08:00 Loop 3: L105-21R_n3 | OS up, system check running
2026-09-30T10:18:13+08:00 Loop 3: still running — L105-21R_n1: OS up, system check running, L105-21R_n2: OS up, system check running, L105-21R_n3: OS up, system check running
2026-09-30T10:18:19+08:00 Loop 3: L105-21R_n2 | system check done
2026-09-30T10:18:19+08:00 Loop 3: L105-21R_n2 | DONE
2026-09-30T10:18:19+08:00 L105-21R_n2 | LOOP 3 | FAIL
2026-09-30T10:18:19+08:00   Duration: 00:03:05
2026-09-30T10:18:19+08:00   FAIL BF4: Expected exactly 1 physical card(s); detected 0
2026-09-30T10:18:19+08:00   WARN PrMo0CPU0EnfEDP0: 2 rows share this sensor name; review each row
2026-09-30T10:18:19+08:00   WARN PrMo0CPU1EnfEDP0: 2 rows share this sensor name; review each row
2026-09-30T10:18:19+08:00   WARN PrMo0MeCn0MeTem0: 4 rows share this sensor name; review each row
2026-09-30T10:18:19+08:00   WARN PrMo0MeCn1MeTem0: 4 rows share this sensor name; review each row
2026-09-30T10:18:19+08:00 Loop 3: L105-21R_n3 | system check done
2026-09-30T10:18:19+08:00 Loop 3: L105-21R_n3 | DONE
2026-09-30T10:18:19+08:00 L105-21R_n3 | LOOP 3 | FAIL
2026-09-30T10:18:19+08:00   Duration: 00:03:05
2026-09-30T10:18:19+08:00   FAIL BF4: Expected exactly 1 physical card(s); detected 0
2026-09-30T10:18:19+08:00   WARN PrMo0CPU0EnfEDP0: 2 rows share this sensor name; review each row
2026-09-30T10:18:19+08:00   WARN PrMo0CPU1EnfEDP0: 2 rows share this sensor name; review each row
2026-09-30T10:18:19+08:00   WARN PrMo0MeCn0MeTem0: 4 rows share this sensor name; review each row
2026-09-30T10:18:19+08:00   WARN PrMo0MeCn1MeTem0: 4 rows share this sensor name; review each row
2026-09-30T10:18:26+08:00 Loop 3: L105-21R_n1 | system check done
2026-09-30T10:18:26+08:00 Loop 3: L105-21R_n1 | DONE
2026-09-30T10:18:26+08:00 L105-21R_n1 | LOOP 3 | FAIL
2026-09-30T10:18:26+08:00   Duration: 00:03:12
2026-09-30T10:18:26+08:00   FAIL BF4: Expected exactly 1 physical card(s); detected 0
2026-09-30T10:18:26+08:00   FAIL 0004:01:00.0: Non-Volatile memory controller: KIOXIA Corporation NVMe SSD Controller XD8 (rev 01) (prog-if 02 [NVM Express]): LnkSta: Speed 32GT/s, Width x2 (downgraded)
2026-09-30T10:18:26+08:00   WARN PrMo0CPU0EnfEDP0: 2 rows share this sensor name; review each row
2026-09-30T10:18:26+08:00   WARN PrMo0CPU1EnfEDP0: 2 rows share this sensor name; review each row
2026-09-30T10:18:26+08:00   WARN PrMo0MeCn0MeTem0: 4 rows share this sensor name; review each row
2026-09-30T10:18:26+08:00   WARN PrMo0MeCn1MeTem0: 4 rows share this sensor name; review each row
2026-09-30T10:18:26+08:00 Loop 4: starting 3 target(s) concurrently
2026-09-30T10:18:27+08:00 Loop 4: L105-21R_n2 | power cycle sent
2026-09-30T10:18:27+08:00 Loop 4: L105-21R_n2 | waiting OS boot
2026-09-30T10:18:27+08:00 Loop 4: L105-21R_n3 | power cycle sent
2026-09-30T10:18:27+08:00 Loop 4: L105-21R_n3 | waiting OS boot
2026-09-30T10:18:27+08:00 Loop 4: L105-21R_n1 | power cycle sent
2026-09-30T10:18:27+08:00 Loop 4: L105-21R_n1 | waiting OS boot
2026-09-30T10:18:56+08:00 Loop 4: still running — L105-21R_n1: waiting OS boot, L105-21R_n2: waiting OS boot, L105-21R_n3: waiting OS boot
2026-09-30T10:19:26+08:00 Loop 4: still running — L105-21R_n1: waiting OS boot, L105-21R_n2: waiting OS boot, L105-21R_n3: waiting OS boot
2026-09-30T10:19:56+08:00 Loop 4: still running — L105-21R_n1: waiting OS boot, L105-21R_n2: waiting OS boot, L105-21R_n3: waiting OS boot
2026-09-30T10:20:26+08:00 Loop 4: still running — L105-21R_n1: waiting OS boot, L105-21R_n2: waiting OS boot, L105-21R_n3: waiting OS boot
2026-09-30T10:20:56+08:00 Loop 4: still running — L105-21R_n1: waiting OS boot, L105-21R_n2: waiting OS boot, L105-21R_n3: waiting OS boot
2026-09-30T10:21:10+08:00 Loop 4: L105-21R_n1 | OS up, system check running
2026-09-30T10:21:11+08:00 Loop 4: L105-21R_n2 | OS up, system check running
2026-09-30T10:21:12+08:00 Loop 4: L105-21R_n3 | OS up, system check running
2026-09-30T10:21:26+08:00 Loop 4: still running — L105-21R_n1: OS up, system check running, L105-21R_n2: OS up, system check running, L105-21R_n3: OS up, system check running
2026-09-30T10:21:32+08:00 Loop 4: L105-21R_n2 | system check done
2026-09-30T10:21:32+08:00 Loop 4: L105-21R_n2 | DONE
2026-09-30T10:21:32+08:00 L105-21R_n2 | LOOP 4 | FAIL
2026-09-30T10:21:32+08:00   Duration: 00:03:05
2026-09-30T10:21:32+08:00   FAIL BF4: Expected exactly 1 physical card(s); detected 0
2026-09-30T10:21:32+08:00   WARN PrMo0CPU0EnfEDP0: 2 rows share this sensor name; review each row
2026-09-30T10:21:32+08:00   WARN PrMo0CPU1EnfEDP0: 2 rows share this sensor name; review each row
2026-09-30T10:21:32+08:00   WARN PrMo0MeCn0MeTem0: 4 rows share this sensor name; review each row
2026-09-30T10:21:32+08:00   WARN PrMo0MeCn1MeTem0: 4 rows share this sensor name; review each row
2026-09-30T10:21:33+08:00 Loop 4: L105-21R_n3 | system check done
2026-09-30T10:21:33+08:00 Loop 4: L105-21R_n3 | DONE
2026-09-30T10:21:33+08:00 L105-21R_n3 | LOOP 4 | FAIL
2026-09-30T10:21:33+08:00   Duration: 00:03:06
2026-09-30T10:21:33+08:00   FAIL BF4: Expected exactly 1 physical card(s); detected 0
2026-09-30T10:21:33+08:00   WARN PrMo0CPU0EnfEDP0: 2 rows share this sensor name; review each row
2026-09-30T10:21:33+08:00   WARN PrMo0CPU1EnfEDP0: 2 rows share this sensor name; review each row
2026-09-30T10:21:33+08:00   WARN PrMo0MeCn0MeTem0: 4 rows share this sensor name; review each row
2026-09-30T10:21:33+08:00   WARN PrMo0MeCn1MeTem0: 4 rows share this sensor name; review each row
2026-09-30T10:21:40+08:00 Loop 4: L105-21R_n1 | system check done
2026-09-30T10:21:40+08:00 Loop 4: L105-21R_n1 | DONE
2026-09-30T10:21:40+08:00 L105-21R_n1 | LOOP 4 | FAIL
2026-09-30T10:21:40+08:00   Duration: 00:03:13
2026-09-30T10:21:40+08:00   FAIL BF4: Expected exactly 1 physical card(s); detected 0
2026-09-30T10:21:40+08:00   FAIL 0004:01:00.0: Non-Volatile memory controller: KIOXIA Corporation NVMe SSD Controller XD8 (rev 01) (prog-if 02 [NVM Express]): LnkSta: Speed 32GT/s, Width x2 (downgraded)
2026-09-30T10:21:40+08:00   WARN PrMo0CPU0EnfEDP0: 2 rows share this sensor name; review each row
2026-09-30T10:21:40+08:00   WARN PrMo0CPU1EnfEDP0: 2 rows share this sensor name; review each row
2026-09-30T10:21:40+08:00   WARN PrMo0MeCn0MeTem0: 4 rows share this sensor name; review each row
2026-09-30T10:21:40+08:00   WARN PrMo0MeCn1MeTem0: 4 rows share this sensor name; review each row
2026-09-30T10:21:40+08:00 Loop 5: starting 3 target(s) concurrently
2026-09-30T10:21:41+08:00 Loop 5: L105-21R_n2 | power cycle sent
2026-09-30T10:21:41+08:00 Loop 5: L105-21R_n2 | waiting OS boot
2026-09-30T10:21:41+08:00 Loop 5: L105-21R_n3 | power cycle sent
2026-09-30T10:21:41+08:00 Loop 5: L105-21R_n3 | waiting OS boot
2026-09-30T10:21:41+08:00 Loop 5: L105-21R_n1 | power cycle sent
2026-09-30T10:21:41+08:00 Loop 5: L105-21R_n1 | waiting OS boot
2026-09-30T10:22:10+08:00 Loop 5: still running — L105-21R_n1: waiting OS boot, L105-21R_n2: waiting OS boot, L105-21R_n3: waiting OS boot
2026-09-30T10:22:40+08:00 Loop 5: still running — L105-21R_n1: waiting OS boot, L105-21R_n2: waiting OS boot, L105-21R_n3: waiting OS boot
2026-09-30T10:23:10+08:00 Loop 5: still running — L105-21R_n1: waiting OS boot, L105-21R_n2: waiting OS boot, L105-21R_n3: waiting OS boot
2026-09-30T10:23:40+08:00 Loop 5: still running — L105-21R_n1: waiting OS boot, L105-21R_n2: waiting OS boot, L105-21R_n3: waiting OS boot
2026-09-30T10:24:10+08:00 Loop 5: still running — L105-21R_n1: waiting OS boot, L105-21R_n2: waiting OS boot, L105-21R_n3: waiting OS boot
2026-09-30T10:24:25+08:00 Loop 5: L105-21R_n2 | OS up, system check running
2026-09-30T10:24:25+08:00 Loop 5: L105-21R_n3 | OS up, system check running
2026-09-30T10:24:30+08:00 Loop 5: L105-21R_n1 | OS up, system check running
2026-09-30T10:24:40+08:00 Loop 5: still running — L105-21R_n1: OS up, system check running, L105-21R_n2: OS up, system check running, L105-21R_n3: OS up, system check running
2026-09-30T10:24:46+08:00 Loop 5: L105-21R_n3 | system check done
2026-09-30T10:24:46+08:00 Loop 5: L105-21R_n3 | DONE
2026-09-30T10:24:46+08:00 L105-21R_n3 | LOOP 5 | FAIL
2026-09-30T10:24:46+08:00   Duration: 00:03:05
2026-09-30T10:24:46+08:00   FAIL BF4: Expected exactly 1 physical card(s); detected 0
2026-09-30T10:24:46+08:00   WARN PrMo0CPU0EnfEDP0: 2 rows share this sensor name; review each row
2026-09-30T10:24:46+08:00   WARN PrMo0CPU1EnfEDP0: 2 rows share this sensor name; review each row
2026-09-30T10:24:46+08:00   WARN PrMo0MeCn0MeTem0: 4 rows share this sensor name; review each row
2026-09-30T10:24:46+08:00   WARN PrMo0MeCn1MeTem0: 4 rows share this sensor name; review each row
2026-09-30T10:24:46+08:00 Loop 5: L105-21R_n2 | system check done
2026-09-30T10:24:46+08:00 Loop 5: L105-21R_n2 | DONE
2026-09-30T10:24:46+08:00 L105-21R_n2 | LOOP 5 | FAIL
2026-09-30T10:24:46+08:00   Duration: 00:03:05
2026-09-30T10:24:46+08:00   FAIL BF4: Expected exactly 1 physical card(s); detected 0
2026-09-30T10:24:46+08:00   WARN PrMo0CPU0EnfEDP0: 2 rows share this sensor name; review each row
2026-09-30T10:24:46+08:00   WARN PrMo0CPU1EnfEDP0: 2 rows share this sensor name; review each row
2026-09-30T10:24:46+08:00   WARN PrMo0MeCn0MeTem0: 4 rows share this sensor name; review each row
2026-09-30T10:24:46+08:00   WARN PrMo0MeCn1MeTem0: 4 rows share this sensor name; review each row
2026-09-30T10:24:58+08:00 Loop 5: L105-21R_n1 | system check done
2026-09-30T10:24:58+08:00 Loop 5: L105-21R_n1 | DONE
2026-09-30T10:24:58+08:00 L105-21R_n1 | LOOP 5 | FAIL
2026-09-30T10:24:58+08:00   Duration: 00:03:17
2026-09-30T10:24:58+08:00   FAIL BF4: Expected exactly 1 physical card(s); detected 0
2026-09-30T10:24:58+08:00   FAIL 0004:01:00.0: Non-Volatile memory controller: KIOXIA Corporation NVMe SSD Controller XD8 (rev 01) (prog-if 02 [NVM Express]): LnkSta: Speed 32GT/s, Width x2 (downgraded)
2026-09-30T10:24:58+08:00   WARN PrMo0CPU0EnfEDP0: 2 rows share this sensor name; review each row
2026-09-30T10:24:58+08:00   WARN PrMo0CPU1EnfEDP0: 2 rows share this sensor name; review each row
2026-09-30T10:24:58+08:00   WARN PrMo0MeCn0MeTem0: 4 rows share this sensor name; review each row
2026-09-30T10:24:58+08:00   WARN PrMo0MeCn1MeTem0: 4 rows share this sensor name; review each row
2026-09-30T10:24:58+08:00 ============================================================
2026-09-30T10:24:58+08:00 FINISHED: COMPLETE | Health: FAIL | Completed node-loops: 15
2026-09-30T10:24:58+08:00 Campaign elapsed: 00:16:23
2026-09-30T10:24:58+08:00 Report: /root/vera-cycle/campaigns/neutrino_20260930_100758+0800_96fef0/CYCLE_REVIEW_REPORT.html
2026-09-30T10:24:58+08:00 ============================================================
